
  .   ____          _            __ _ _
 /\\ / ___'_ __ _ _(_)_ __  __ _ \ \ \ \
( ( )\___ | '_ | '_| | '_ \/ _` | \ \ \ \
 \\/  ___)| |_)| | | | | || (_| |  ) ) ) )
  '  |____| .__|_| |_|_| |_\__, | / / / /
 =========|_|==============|___/=/_/_/_/

 :: Spring Boot ::                (v3.4.1)

2026-09-30T13:22:40.227+05:30  INFO 50772 --- [BusGo] [           main] com.busgo.BusGoApplication               : Starting BusGoApplication v0.0.1-SNAPSHOT using Java 25.0.2 with PID 50772 (C:\Users\mones\OneDrive\Desktop\BusMate\backend\target\backend-0.0.1-SNAPSHOT.jar started by mones in C:\Users\mones\OneDrive\Desktop\BusMate\backend)
2026-09-30T13:22:40.235+05:30  INFO 50772 --- [BusGo] [           main] com.busgo.BusGoApplication               : No active profile set, falling back to 1 default profile: "default"
2026-09-30T13:22:41.791+05:30  INFO 50772 --- [BusGo] [           main] .s.d.r.c.RepositoryConfigurationDelegate : Bootstrapping Spring Data JPA repositories in DEFAULT mode.
2026-09-30T13:22:41.922+05:30  INFO 50772 --- [BusGo] [           main] .s.d.r.c.RepositoryConfigurationDelegate : Finished Spring Data repository scanning in 113 ms. Found 6 JPA repository interfaces.
2026-09-30T13:22:43.012+05:30  INFO 50772 --- [BusGo] [           main] o.s.b.w.embedded.tomcat.TomcatWebServer  : Tomcat initialized with port 8080 (http)
2026-09-30T13:22:43.039+05:30  INFO 50772 --- [BusGo] [           main] o.apache.catalina.core.StandardService   : Starting service [Tomcat]
2026-09-30T13:22:43.040+05:30  INFO 50772 --- [BusGo] [           main] o.apache.catalina.core.StandardEngine    : Starting Servlet engine: [Apache Tomcat/10.1.34]
2026-09-30T13:22:43.103+05:30  INFO 50772 --- [BusGo] [           main] o.a.c.c.C.[Tomcat].[localhost].[/]       : Initializing Spring embedded WebApplicationContext
2026-09-30T13:22:43.106+05:30  INFO 50772 --- [BusGo] [           main] w.s.c.ServletWebServerApplicationContext : Root WebApplicationContext: initialization completed in 2775 ms
2026-09-30T13:22:43.393+05:30  INFO 50772 --- [BusGo] [           main] o.hibernate.jpa.internal.util.LogHelper  : HHH000204: Processing PersistenceUnitInfo [name: default]
2026-09-30T13:22:43.516+05:30  INFO 50772 --- [BusGo] [           main] org.hibernate.Version                    : HHH000412: Hibernate ORM core version 6.6.4.Final
2026-09-30T13:22:43.562+05:30  INFO 50772 --- [BusGo] [           main] o.h.c.internal.RegionFactoryInitiator    : HHH000026: Second-level cache disabled
2026-09-30T13:22:43.979+05:30  INFO 50772 --- [BusGo] [           main] o.s.o.j.p.SpringPersistenceUnitInfo      : No LoadTimeWeaver setup: ignoring JPA class transformer
2026-09-30T13:22:44.038+05:30  INFO 50772 --- [BusGo] [           main] com.zaxxer.hikari.HikariDataSource       : HikariPool-1 - Starting...
2026-09-30T13:22:44.469+05:30  INFO 50772 --- [BusGo] [           main] com.zaxxer.hikari.pool.HikariPool        : HikariPool-1 - Added connection org.postgresql.jdbc.PgConnection@2f86f9cf
2026-09-30T13:22:44.483+05:30  INFO 50772 --- [BusGo] [           main] com.zaxxer.hikari.HikariDataSource       : HikariPool-1 - Start completed.
2026-09-30T13:22:44.536+05:30  WARN 50772 --- [BusGo] [           main] org.hibernate.orm.deprecation            : HHH90000025: PostgreSQLDialect does not need to be specified explicitly using 'hibernate.dialect' (remove the property setting and it will be selected by default)
2026-09-30T13:22:44.569+05:30  INFO 50772 --- [BusGo] [           main] org.hibernate.orm.connections.pooling    : HHH10001005: Database info:
	Database JDBC URL [Connecting through datasource 'HikariDataSource (HikariPool-1)']
	Database driver: undefined/unknown
	Database version: 18.6
	Autocommit mode: undefined/unknown
	Isolation level: undefined/unknown
	Minimum pool size: undefined/unknown
	Maximum pool size: undefined/unknown
2026-09-30T13:22:46.266+05:30  INFO 50772 --- [BusGo] [           main] o.h.e.t.j.p.i.JtaPlatformInitiator       : HHH000489: No JTA platform available (set 'hibernate.transaction.jta.platform' to enable JTA platform integration)
2026-09-30T13:22:46.521+05:30  INFO 50772 --- [BusGo] [           main] j.LocalContainerEntityManagerFactoryBean : Initialized JPA EntityManagerFactory for persistence unit 'default'
2026-09-30T13:22:47.227+05:30  INFO 50772 --- [BusGo] [           main] o.s.d.j.r.query.QueryEnhancerFactory     : Hibernate is in classpath; If applicable, HQL parser will be used.
2026-09-30T13:22:48.647+05:30  INFO 50772 --- [BusGo] [           main] r$InitializeUserDetailsManagerConfigurer : Global AuthenticationManager configured with UserDetailsService bean with name customUserDetailsService
2026-09-30T13:22:48.712+05:30  WARN 50772 --- [BusGo] [           main] JpaBaseConfiguration$JpaWebConfiguration : spring.jpa.open-in-view is enabled by default. Therefore, database queries may be performed during view rendering. Explicitly configure spring.jpa.open-in-view to disable this warning
2026-09-30T13:22:49.533+05:30  INFO 50772 --- [BusGo] [           main] o.s.b.w.embedded.tomcat.TomcatWebServer  : Tomcat started on port 8080 (http) with context path '/'
2026-09-30T13:22:49.549+05:30  INFO 50772 --- [BusGo] [           main] com.busgo.BusGoApplication               : Started BusGoApplication in 10.21 seconds (process running for 10.971)
2026-09-30T13:23:08.919+05:30  INFO 50772 --- [BusGo] [nio-8080-exec-1] o.a.c.c.C.[Tomcat].[localhost].[/]       : Initializing Spring DispatcherServlet 'dispatcherServlet'
2026-09-30T13:23:08.921+05:30  INFO 50772 --- [BusGo] [nio-8080-exec-1] o.s.web.servlet.DispatcherServlet        : Initializing Servlet 'dispatcherServlet'
2026-09-30T13:23:08.923+05:30  INFO 50772 --- [BusGo] [nio-8080-exec-1] o.s.web.servlet.DispatcherServlet        : Completed initialization in 1 ms
